// Vitest Snapshot v1, https://vitest.dev/guide/snapshot.html

exports[`App > renders the page 1`] = `
<div>
  <main
    class="flex min-h-dvh items-center justify-center"
  >
    <h1
      class="animate-fade-in text-4xl font-bold text-rose-600"
    >
      Hello, Pairs!
    </h1>
  </main>
</div>
`;
